Node version: v20.18.1. Running in undefined environment. Server directory: D:\Code\agent\opencode\github.com\curdfu\SillyTavern
Using config path: ./config.yaml
Using data root: ./data
Preferring IPv4 for DNS resolution

SillyTavern 1.18.0
Running 'dev-novel' (b823d4101) - 5/4/2026, 7:07:37 PM GMT+8


Compiling frontend libraries...
webpack 5.105.4 compiled [1m[32msuccessfully[39m[22m in 7958 ms

SillyTavern is listening on IPv4: 127.0.0.1:8000

=================================================

Go to: http://127.0.0.1:8000/ to open SillyTavern

=================================================

Extensions available for default-user [
  { type: 'system', name: 'assets' },
  { type: 'system', name: 'attachments' },
  { type: 'system', name: 'caption' },
  { type: 'system', name: 'connection-manager' },
  { type: 'system', name: 'expressions' },
  { type: 'system', name: 'gallery' },
  { type: 'system', name: 'memory' },
  { type: 'system', name: 'novel-workflow' },
  { type: 'system', name: 'quick-reply' },
  { type: 'system', name: 'regex' },
  { type: 'system', name: 'stable-diffusion' },
  { type: 'system', name: 'token-counter' },
  { type: 'system', name: 'translate' },
  { type: 'system', name: 'tts' },
  { type: 'system', name: 'vectors' }
]
Extensions available for default-user [
  { type: 'system', name: 'assets' },
  { type: 'system', name: 'attachments' },
  { type: 'system', name: 'caption' },
  { type: 'system', name: 'connection-manager' },
  { type: 'system', name: 'expressions' },
  { type: 'system', name: 'gallery' },
  { type: 'system', name: 'memory' },
  { type: 'system', name: 'novel-workflow' },
  { type: 'system', name: 'quick-reply' },
  { type: 'system', name: 'regex' },
  { type: 'system', name: 'stable-diffusion' },
  { type: 'system', name: 'token-counter' },
  { type: 'system', name: 'translate' },
  { type: 'system', name: 'tts' },
  { type: 'system', name: 'vectors' }
]
Extensions available for default-user [
  { type: 'system', name: 'assets' },
  { type: 'system', name: 'attachments' },
  { type: 'system', name: 'caption' },
  { type: 'system', name: 'connection-manager' },
  { type: 'system', name: 'expressions' },
  { type: 'system', name: 'gallery' },
  { type: 'system', name: 'memory' },
  { type: 'system', name: 'novel-workflow' },
  { type: 'system', name: 'quick-reply' },
  { type: 'system', name: 'regex' },
  { type: 'system', name: 'stable-diffusion' },
  { type: 'system', name: 'token-counter' },
  { type: 'system', name: 'translate' },
  { type: 'system', name: 'tts' },
  { type: 'system', name: 'vectors' }
]
Extensions available for default-user [
  { type: 'system', name: 'assets' },
  { type: 'system', name: 'attachments' },
  { type: 'system', name: 'caption' },
  { type: 'system', name: 'connection-manager' },
  { type: 'system', name: 'expressions' },
  { type: 'system', name: 'gallery' },
  { type: 'system', name: 'memory' },
  { type: 'system', name: 'novel-workflow' },
  { type: 'system', name: 'quick-reply' },
  { type: 'system', name: 'regex' },
  { type: 'system', name: 'stable-diffusion' },
  { type: 'system', name: 'token-counter' },
  { type: 'system', name: 'translate' },
  { type: 'system', name: 'tts' },
  { type: 'system', name: 'vectors' }
]
Extensions available for default-user [
  { type: 'system', name: 'assets' },
  { type: 'system', name: 'attachments' },
  { type: 'system', name: 'caption' },
  { type: 'system', name: 'connection-manager' },
  { type: 'system', name: 'expressions' },
  { type: 'system', name: 'gallery' },
  { type: 'system', name: 'memory' },
  { type: 'system', name: 'novel-workflow' },
  { type: 'system', name: 'quick-reply' },
  { type: 'system', name: 'regex' },
  { type: 'system', name: 'stable-diffusion' },
  { type: 'system', name: 'token-counter' },
  { type: 'system', name: 'translate' },
  { type: 'system', name: 'tts' },
  { type: 'system', name: 'vectors' }
]
Extensions available for default-user [
  { type: 'system', name: 'assets' },
  { type: 'system', name: 'attachments' },
  { type: 'system', name: 'caption' },
  { type: 'system', name: 'connection-manager' },
  { type: 'system', name: 'expressions' },
  { type: 'system', name: 'gallery' },
  { type: 'system', name: 'memory' },
  { type: 'system', name: 'novel-workflow' },
  { type: 'system', name: 'quick-reply' },
  { type: 'system', name: 'regex' },
  { type: 'system', name: 'stable-diffusion' },
  { type: 'system', name: 'token-counter' },
  { type: 'system', name: 'translate' },
  { type: 'system', name: 'tts' },
  { type: 'system', name: 'vectors' }
]
Extensions available for default-user [
  { type: 'system', name: 'assets' },
  { type: 'system', name: 'attachments' },
  { type: 'system', name: 'caption' },
  { type: 'system', name: 'connection-manager' },
  { type: 'system', name: 'expressions' },
  { type: 'system', name: 'gallery' },
  { type: 'system', name: 'memory' },
  { type: 'system', name: 'novel-workflow' },
  { type: 'system', name: 'quick-reply' },
  { type: 'system', name: 'regex' },
  { type: 'system', name: 'stable-diffusion' },
  { type: 'system', name: 'token-counter' },
  { type: 'system', name: 'translate' },
  { type: 'system', name: 'tts' },
  { type: 'system', name: 'vectors' }
]
Extensions available for default-user [
  { type: 'system', name: 'assets' },
  { type: 'system', name: 'attachments' },
  { type: 'system', name: 'caption' },
  { type: 'system', name: 'connection-manager' },
  { type: 'system', name: 'expressions' },
  { type: 'system', name: 'gallery' },
  { type: 'system', name: 'memory' },
  { type: 'system', name: 'novel-workflow' },
  { type: 'system', name: 'quick-reply' },
  { type: 'system', name: 'regex' },
  { type: 'system', name: 'stable-diffusion' },
  { type: 'system', name: 'token-counter' },
  { type: 'system', name: 'translate' },
  { type: 'system', name: 'tts' },
  { type: 'system', name: 'vectors' }
]
Extensions available for default-user [
  { type: 'system', name: 'assets' },
  { type: 'system', name: 'attachments' },
  { type: 'system', name: 'caption' },
  { type: 'system', name: 'connection-manager' },
  { type: 'system', name: 'expressions' },
  { type: 'system', name: 'gallery' },
  { type: 'system', name: 'memory' },
  { type: 'system', name: 'novel-workflow' },
  { type: 'system', name: 'quick-reply' },
  { type: 'system', name: 'regex' },
  { type: 'system', name: 'stable-diffusion' },
  { type: 'system', name: 'token-counter' },
  { type: 'system', name: 'translate' },
  { type: 'system', name: 'tts' },
  { type: 'system', name: 'vectors' }
]
Extensions available for default-user [
  { type: 'system', name: 'assets' },
  { type: 'system', name: 'attachments' },
  { type: 'system', name: 'caption' },
  { type: 'system', name: 'connection-manager' },
  { type: 'system', name: 'expressions' },
  { type: 'system', name: 'gallery' },
  { type: 'system', name: 'memory' },
  { type: 'system', name: 'novel-workflow' },
  { type: 'system', name: 'quick-reply' },
  { type: 'system', name: 'regex' },
  { type: 'system', name: 'stable-diffusion' },
  { type: 'system', name: 'token-counter' },
  { type: 'system', name: 'translate' },
  { type: 'system', name: 'tts' },
  { type: 'system', name: 'vectors' }
]
Extensions available for default-user [
  { type: 'system', name: 'assets' },
  { type: 'system', name: 'attachments' },
  { type: 'system', name: 'caption' },
  { type: 'system', name: 'connection-manager' },
  { type: 'system', name: 'expressions' },
  { type: 'system', name: 'gallery' },
  { type: 'system', name: 'memory' },
  { type: 'system', name: 'novel-workflow' },
  { type: 'system', name: 'quick-reply' },
  { type: 'system', name: 'regex' },
  { type: 'system', name: 'stable-diffusion' },
  { type: 'system', name: 'token-counter' },
  { type: 'system', name: 'translate' },
  { type: 'system', name: 'tts' },
  { type: 'system', name: 'vectors' }
]
Extensions available for default-user [
  { type: 'system', name: 'assets' },
  { type: 'system', name: 'attachments' },
  { type: 'system', name: 'caption' },
  { type: 'system', name: 'connection-manager' },
  { type: 'system', name: 'expressions' },
  { type: 'system', name: 'gallery' },
  { type: 'system', name: 'memory' },
  { type: 'system', name: 'novel-workflow' },
  { type: 'system', name: 'quick-reply' },
  { type: 'system', name: 'regex' },
  { type: 'system', name: 'stable-diffusion' },
  { type: 'system', name: 'token-counter' },
  { type: 'system', name: 'translate' },
  { type: 'system', name: 'tts' },
  { type: 'system', name: 'vectors' }
]
Extensions available for default-user [
  { type: 'system', name: 'assets' },
  { type: 'system', name: 'attachments' },
  { type: 'system', name: 'caption' },
  { type: 'system', name: 'connection-manager' },
  { type: 'system', name: 'expressions' },
  { type: 'system', name: 'gallery' },
  { type: 'system', name: 'memory' },
  { type: 'system', name: 'novel-workflow' },
  { type: 'system', name: 'quick-reply' },
  { type: 'system', name: 'regex' },
  { type: 'system', name: 'stable-diffusion' },
  { type: 'system', name: 'token-counter' },
  { type: 'system', name: 'translate' },
  { type: 'system', name: 'tts' },
  { type: 'system', name: 'vectors' }
]
Extensions available for default-user [
  { type: 'system', name: 'assets' },
  { type: 'system', name: 'attachments' },
  { type: 'system', name: 'caption' },
  { type: 'system', name: 'connection-manager' },
  { type: 'system', name: 'expressions' },
  { type: 'system', name: 'gallery' },
  { type: 'system', name: 'memory' },
  { type: 'system', name: 'novel-workflow' },
  { type: 'system', name: 'quick-reply' },
  { type: 'system', name: 'regex' },
  { type: 'system', name: 'stable-diffusion' },
  { type: 'system', name: 'token-counter' },
  { type: 'system', name: 'translate' },
  { type: 'system', name: 'tts' },
  { type: 'system', name: 'vectors' }
]
Extensions available for default-user [
  { type: 'system', name: 'assets' },
  { type: 'system', name: 'attachments' },
  { type: 'system', name: 'caption' },
  { type: 'system', name: 'connection-manager' },
  { type: 'system', name: 'expressions' },
  { type: 'system', name: 'gallery' },
  { type: 'system', name: 'memory' },
  { type: 'system', name: 'novel-workflow' },
  { type: 'system', name: 'quick-reply' },
  { type: 'system', name: 'regex' },
  { type: 'system', name: 'stable-diffusion' },
  { type: 'system', name: 'token-counter' },
  { type: 'system', name: 'translate' },
  { type: 'system', name: 'tts' },
  { type: 'system', name: 'vectors' }
]
